------------------------------------------------------------------------------------------------------------
      name:  <unnamed>
       log:  /home/takeshi/ドキュメント/githubprojects/LSHTMlearningnote/backupfiles/pca.log
  log type:  text
 opened on:  10 Apr 2019, 12:10:14

. 
end of do-file

. do "/tmp/SD31741.000000"

. cd   "/home/takeshi/ドキュメント/githubprojects/LSHTMlearningnote/backupfiles" //change the path according
> ly
/home/takeshi/ドキュメント/githubprojects/LSHTMlearningnote/backupfiles

. log using pca.log, append
log file already open
r(604);

end of do-file

r(604);

. do "/tmp/SD31741.000000"

. use plant

. 
end of do-file

. do "/tmp/SD31741.000000"

. use plant, replace

. 
end of do-file

. do "/tmp/SD31741.000000"

. sum bm1 bm2 bm3 bm4

    Variable |        Obs        Mean    Std. Dev.       Min        Max
-------------+---------------------------------------------------------
         bm1 |         50      56.604    48.04976          0        143
         bm2 |         50       53.21    45.12968          0      143.6
         bm3 |         50      61.426    51.47254         .2      147.9
         bm4 |         50       57.43       45.45         .1      146.1

. 
end of do-file

. do "/tmp/SD31741.000000"

. summarise bm1 bm2 bm3 bm4
command summarise is unrecognized
r(199);

end of do-file

r(199);

. do "/tmp/SD31741.000000"

. summarize bm1 bm2 bm3 bm4

    Variable |        Obs        Mean    Std. Dev.       Min        Max
-------------+---------------------------------------------------------
         bm1 |         50      56.604    48.04976          0        143
         bm2 |         50       53.21    45.12968          0      143.6
         bm3 |         50      61.426    51.47254         .2      147.9
         bm4 |         50       57.43       45.45         .1      146.1

. 
end of do-file

. do "/tmp/SD31741.000000"

. summarize bm1 bm2 bm3 bm4, detail

                             bm1
-------------------------------------------------------------
      Percentiles      Smallest
 1%            0              0
 5%           .1             .1
10%          .55             .1       Obs                  50
25%         11.3             .5       Sum of Wgt.          50

50%        47.55                      Mean             56.604
                        Largest       Std. Dev.      48.04976
75%           94          139.1
90%        125.9          140.5       Variance        2308.78
95%        140.5          140.6       Skewness       .2814321
99%          143            143       Kurtosis       1.688047

                             bm2
-------------------------------------------------------------
      Percentiles      Smallest
 1%            0              0
 5%           .2             .1
10%          .45             .2       Obs                  50
25%           10             .3       Sum of Wgt.          50

50%         52.7                      Mean              53.21
                        Largest       Std. Dev.      45.12968
75%         88.7          127.9
90%       123.55          136.1       Variance       2036.688
95%        136.1          142.1       Skewness        .443242
99%        143.6          143.6       Kurtosis       2.009587

                             bm3
-------------------------------------------------------------
      Percentiles      Smallest
 1%           .2             .2
 5%           .5             .3
10%           .5             .5       Obs                  50
25%         12.8             .5       Sum of Wgt.          50

50%        55.25                      Mean             61.426
                        Largest       Std. Dev.      51.47254
75%        114.8          138.8
90%        135.4          144.7       Variance       2649.423
95%        144.7          145.1       Skewness       .2774471
99%        147.9          147.9       Kurtosis       1.592925

                             bm4
-------------------------------------------------------------
      Percentiles      Smallest
 1%           .1             .1
 5%           .2             .2
10%          .35             .2       Obs                  50
25%         16.3             .2       Sum of Wgt.          50

50%        56.75                      Mean              57.43
                        Largest       Std. Dev.         45.45
75%         79.9          130.9
90%        125.9          135.4       Variance       2065.702
95%        135.4          140.6       Skewness       .3266131
99%        146.1          146.1       Kurtosis       1.952351

. 
end of do-file

. do "/tmp/SD31741.000000"

. cor bm*
(obs=50)

             |      bm1      bm2      bm3      bm4
-------------+------------------------------------
         bm1 |   1.0000
         bm2 |   0.4983   1.0000
         bm3 |   0.5941   0.5057   1.0000
         bm4 |   0.2677   0.3335   0.3209   1.0000


. 
end of do-file

. do "/tmp/SD31741.000000"

. cluster averagelinkage bm1 bm2 bm3 bm4, name(L2_avlink)
L2_avlink already defined
r(198);

end of do-file

r(198);

. do "/tmp/SD31741.000000"

. cluster averagelinkage bm1 bm2 bm3 bm4, name(L2_avlink) replace
replace unrecognized (dis)similarity option
r(198);

end of do-file

r(198);

. do "/tmp/SD31741.000000"

. cluster averagelinkage bm1 bm2 bm3 bm4, name(L2_avlink), replace
invalid 'replace' 
r(198);

end of do-file

r(198);

. do "/tmp/SD31741.000000"

. rm L2_avlink*
file L2_avlink* not found
r(601);

end of do-file

r(601);

. do "/tmp/SD31741.000000"

. drop  L2_avlink* L2_com* L2_sin*
variable L2_com* not found
r(111);

end of do-file

r(111);

. do "/tmp/SD31741.000000"

. drop  L2_avlink* 

. 
end of do-file

. do "/tmp/SD31741.000000"

. cluster averagelinkage bm1 bm2 bm3 bm4, name(L2_avlink), replace
invalid 'replace' 
r(198);

end of do-file

r(198);

. do "/tmp/SD31741.000000"

. 
. cluster averagelinkage bm1 bm2 bm3 bm4, name(L2_avlink)

. 
end of do-file

. do "/tmp/SD31741.000000"

. cluster completelinkage bm1 bm2 bm3 bm4, name(L2_complink)

. 
end of do-file

. do "/tmp/SD31741.000000"

. clust list L2*
command clust is unrecognized
r(199);

end of do-file

r(199);

. do "/tmp/SD31741.000000"

. cluster list L2*
L2_complink  (type: hierarchical,  method: complete,  dissimilarity: L2)
      vars: L2_complink_id (id variable)
            L2_complink_ord (order variable)
            L2_complink_hgt (height variable)
     other: cmd: cluster completelinkage bm1 bm2 bm3 bm4, name(L2_complink)
            varlist: bm1 bm2 bm3 bm4
            range: 0 .

L2_avlink  (type: hierarchical,  method: average,  dissimilarity: L2)
      vars: L2_avlink_id (id variable)
            L2_avlink_ord (order variable)
            L2_avlink_hgt (height variable)
     other: cmd: cluster averagelinkage bm1 bm2 bm3 bm4, name(L2_avlink)
            varlist: bm1 bm2 bm3 bm4
            range: 0 .

L2_wavlink  (type: hierarchical,  method: waverage,  dissimilarity: L2)
      vars: L2_wavlink_id (id variable)
            L2_wavlink_ord (order variable)
            L2_wavlink_hgt (height variable)
     other: cmd: cluster waveragelinkage x1 x2 x3 x4, name(L2_wavlink) measure(L2)
            varlist: x1 x2 x3 x4
            range: 0 .

L2sq_avlink  (type: hierarchical,  method: average,  dissimilarity: L2squared)
      vars: L2sq_avlink_id (id variable)
            L2sq_avlink_ord (order variable)
            L2sq_avlink_hgt (height variable)
     other: cmd: cluster averagelinkage x1 x2 x3 x4, name(L2sq_avlink) measure(L2squared)
            varlist: x1 x2 x3 x4
            range: 0 .


. 
end of do-file

. do "/tmp/SD31741.000000"

. cluster dendrogram L2_avlink, xlabel(, angle(90)) labsize(*.75)
option labsize() not allowed
r(198);

end of do-file

r(198);

. do "/tmp/SD31741.000000"

. cluster dendrogram L2_avlink, xlabel(, angle(90) labsize(*.75)) 

. 
end of do-file

. do "/tmp/SD31741.000000"

. drop L2sq_avlink*

. 
end of do-file

. do "/tmp/SD31741.000000"

. cluster averaeglinkage bm1 bm2 bm3 bm4, name(L2sq_avlink) measure(
> L2squared)
command cluster_averaeglinkage is unrecognized
r(199);

end of do-file

r(199);

. do "/tmp/SD31741.000000"

. cluster averagelinkage bm1 bm2 bm3 bm4, name(L2sq_avlink) measure(
> L2squared)

. 
end of do-file

. do "/tmp/SD31741.000000"

. cluster dendrogram L2sq_avlink, xlabel(, angle(90) labsize(*.75)) 

. 
end of do-file

. do "/tmp/SD31741.000000"

. cluster averagelinkage bm1 bm2 bm3 bm4, name(L1_avlink) measure(L1
> )
L1_avlink already defined
r(198);

end of do-file

r(198);

. do "/tmp/SD31741.000000"

. drop L1_avlink*

. 
end of do-file

. do "/tmp/SD31741.000000"

. cluster averagelinkage bm1 bm2 bm3 bm4, name(L1_avlink) measure(L1
> )
L1_avlink already defined
r(198);

end of do-file

r(198);

. do "/tmp/SD31741.000000"

. drop L1_avlink*
variable L1_avlink* not found
r(111);

end of do-file

r(111);

. do "/tmp/SD31741.000000"

. cluster averagelinkage bm1 bm2 bm3 bm4, name(L1_avlink) measure(L1
> )

. 
end of do-file

. do "/tmp/SD31741.000000"

. cluster dendrogram L1_avlink, xlabel(, angle(90) labsize(*.75)) 

. 
end of do-file

. do "/tmp/SD31741.000000"

. cluster dendrogram L2_complink, xlabel(, angle(90) labsize(*.75)) 

. 
end of do-file

. do "/tmp/SD31741.000000"

. cluster singlelinkage bm1 bm2 bm3 bm4, name(L2_sinlink)

. 
end of do-file

. do "/tmp/SD31741.000000"

. cluster dendrogram L2_sinlink, xlabel(, angle(90) labsize(*.75)) 

. 
end of do-file

. do "/tmp/SD31741.000000"

. cluster dendrogram L2_complink, xlabel(, angle(90) labsize(*.75)) 

. 
end of do-file

. do "/tmp/SD31741.000000"

. cluster dendrogram L2_sinlink, xlabel(, angle(90) labsize(*.75)) 

. 
end of do-file

. do "/tmp/SD31741.000000"

. cluster stop L2_avlink, rule(calinski)

+---------------------------+
|             |  Calinski/  |
|  Number of  |  Harabasz   |
|  clusters   |  pseudo-F   |
|-------------+-------------|
|      2      |    34.84    |
|      3      |    19.49    |
|      4      |    20.18    |
|      5      |    18.48    |
|      6      |    24.76    |
|      7      |    24.97    |
|      8      |    22.57    |
|      9      |    21.96    |
|     10      |    20.50    |
|     11      |    22.99    |
|     12      |    26.37    |
|     13      |    27.39    |
|     14      |    28.46    |
|     15      |    28.20    |
+---------------------------+

. 
end of do-file

. do "/tmp/SD31741.000000"

. cluster stop L2_avlink, rule(duda)

+-----------------------------------------+
|             |         Duda/Hart         |
|  Number of  |             |  pseudo     |
|  clusters   | Je(2)/Je(1) |  T-squared  |
|-------------+-------------+-------------|
|      1      |   0.5795    |    34.84    |
|      2      |   0.8539    |     3.77    |
|      3      |   0.6763    |    11.49    |
|      4      |   0.7337    |     6.53    |
|      5      |   0.3932    |    32.40    |
|      6      |   0.6971    |     6.52    |
|      7      |   0.2569    |     2.89    |
|      8      |   0.4802    |     4.33    |
|      9      |   0.1327    |     6.53    |
|     10      |   0.6050    |     7.84    |
|     11      |   0.6121    |     6.97    |
|     12      |   0.4247    |     6.77    |
|     13      |   0.4523    |     4.84    |
|     14      |   0.7138    |     2.00    |
|     15      |   0.7317    |     1.83    |
+-----------------------------------------+

. 
end of do-file

. do "/tmp/SD31741.000000"

. cluster generate L2_avlink_2=group(2)

. 
end of do-file

. do "/tmp/SD31741.000000"

. cluster kmeans bm1 bm2 bm3 bm4, k(2) name(kmean_bm) L2

. 
end of do-file

. do "/tmp/SD31741.000000"

. tab kmean_bm L2_avlink
L2_avlink ambiguous abbreviation
r(111);

end of do-file

r(111);

. do "/tmp/SD31741.000000"

. tab kmean_bm L2_avlink_2

           |      L2_avlink_2
  kmean_bm |         1          2 |     Total
-----------+----------------------+----------
         1 |         0         27 |        27 
         2 |         1         22 |        23 
-----------+----------------------+----------
     Total |         1         49 |        50 

. 
end of do-file

. do "/tmp/SD31741.000000"

. tab L2_avlink_2 kmean_bm 

L2_avlink_ |       kmean_bm
         2 |         1          2 |     Total
-----------+----------------------+----------
         1 |         0          1 |         1 
         2 |        27         22 |        49 
-----------+----------------------+----------
     Total |        27         23 |        50 

. 
end of do-file

. do "/tmp/SD31741.000000"

. cluster generate L2_avlink_k=group(2)
kmean_bm is not a hierarchical cluster analysis
r(198);

end of do-file

r(198);

. do "/tmp/SD31741.000000"

. cluster stop L2_avlink, rule(calinski)

+---------------------------+
|             |  Calinski/  |
|  Number of  |  Harabasz   |
|  clusters   |  pseudo-F   |
|-------------+-------------|
|      2      |    34.84    |
|      3      |    19.49    |
|      4      |    20.18    |
|      5      |    18.48    |
|      6      |    24.76    |
|      7      |    24.97    |
|      8      |    22.57    |
|      9      |    21.96    |
|     10      |    20.50    |
|     11      |    22.99    |
|     12      |    26.37    |
|     13      |    27.39    |
|     14      |    28.46    |
|     15      |    28.20    |
+---------------------------+

. 
end of do-file

. do "/tmp/SD31741.000000"

. cluster generate L2_avlink_k=group(2)
kmean_bm is not a hierarchical cluster analysis
r(198);

end of do-file

r(198);

. do "/tmp/SD31741.000000"

. drop  L2_avlink* 

. 
end of do-file

. do "/tmp/SD31741.000000"

. cluster averagelinkage bm1 bm2 bm3 bm4, name(L2_avlink)
L2_avlink already defined
r(198);

end of do-file

r(198);

. do "/tmp/SD31741.000000"

. drop  L2_avlink* 
variable L2_avlink* not found
r(111);

end of do-file

r(111);

. do "/tmp/SD31741.000000"

. cluster averagelinkage bm1 bm2 bm3 bm4, name(L2_avlink)

. 
end of do-file

. do "/tmp/SD31741.000000"

. cluster stop L2_avlink, rule(calinski)

+---------------------------+
|             |  Calinski/  |
|  Number of  |  Harabasz   |
|  clusters   |  pseudo-F   |
|-------------+-------------|
|      2      |    34.84    |
|      3      |    19.49    |
|      4      |    20.18    |
|      5      |    18.48    |
|      6      |    24.76    |
|      7      |    24.97    |
|      8      |    22.57    |
|      9      |    21.96    |
|     10      |    20.50    |
|     11      |    22.99    |
|     12      |    26.37    |
|     13      |    27.39    |
|     14      |    28.46    |
|     15      |    28.20    |
+---------------------------+

. 
end of do-file

. do "/tmp/SD31741.000000"

. cluster stop L2_avlink, rule(duda)

+-----------------------------------------+
|             |         Duda/Hart         |
|  Number of  |             |  pseudo     |
|  clusters   | Je(2)/Je(1) |  T-squared  |
|-------------+-------------+-------------|
|      1      |   0.5795    |    34.84    |
|      2      |   0.8539    |     3.77    |
|      3      |   0.6763    |    11.49    |
|      4      |   0.7337    |     6.53    |
|      5      |   0.3932    |    32.40    |
|      6      |   0.6971    |     6.52    |
|      7      |   0.2569    |     2.89    |
|      8      |   0.4802    |     4.33    |
|      9      |   0.1327    |     6.53    |
|     10      |   0.6050    |     7.84    |
|     11      |   0.6121    |     6.97    |
|     12      |   0.4247    |     6.77    |
|     13      |   0.4523    |     4.84    |
|     14      |   0.7138    |     2.00    |
|     15      |   0.7317    |     1.83    |
+-----------------------------------------+

. 
end of do-file

. do "/tmp/SD31741.000000"

. cluster generate L2_avlink_k=group(2)

. 
end of do-file

. do "/tmp/SD31741.000000"

. table(L2_avlink_k)

----------------------
L2_avlink |
_k        |      Freq.
----------+-----------
        1 |         26
        2 |         24
----------------------

. 
end of do-file

. do "/tmp/SD31741.000000"

. cluster kmeans bm1 bm2 bm3 bm4, k(2) name(kmean_bm) L2
kmean_bm already defined
r(198);

end of do-file

r(198);

. do "/tmp/SD31741.000000"

. drop kmean_bm

. 
end of do-file

. do "/tmp/SD31741.000000"

. cluster kmeans bm1 bm2 bm3 bm4, k(2) name(kmean_bm) L2
kmean_bm already defined
r(198);

end of do-file

r(198);

. do "/tmp/SD31741.000000"

. cluster kmeans bm1 bm2 bm3 bm4, k(2) name(kmean_bm) L2

. 
end of do-file

. do "/tmp/SD31741.000000"

. tab L2_avlink_2 kmean_bm 
variable L2_avlink_2 not found
r(111);

end of do-file

r(111);

. do "/tmp/SD31741.000000"

. tab L2_avlink_k kmean_bm 

L2_avlink_ |       kmean_bm
         k |         1          2 |     Total
-----------+----------------------+----------
         1 |         0         26 |        26 
         2 |        23          1 |        24 
-----------+----------------------+----------
     Total |        23         27 |        50 

. 
end of do-file

. do "/tmp/SD31741.000000"

. use plant1, replace

. 
end of do-file

. do "/tmp/SD31741.000000"

. brow plant1
variable plant1 not found
r(111);

end of do-file

r(111);

. do "/tmp/SD31741.000000"

. brow 

. 
end of do-file

. do "/tmp/SD31741.000000"

. cluster averagelinkage bm1 bm2 bm3 bm4, name(L2_avlink)

. 
end of do-file

. do "/tmp/SD31741.000000"

. cluster dendrogram L1_avlink, labels(labtech) xlabel(, angle(90) l
> absize(*.75)) 
L1_avlink not found
r(198);

end of do-file

r(198);

. do "/tmp/SD31741.000000"

. cluster averagelinkage bm1 bm2 bm3 bm4, name(L2_avlink)
L2_avlink already defined
r(198);

end of do-file

r(198);

. do "/tmp/SD31741.000000"

. cluster dendrogram L2_avlink, labels(labtech) xlabel(, angle(90) l
> absize(*.75)) 

. 
end of do-file

. do "/tmp/SD31741.000000"

. sum bm* if labtech == "Sam"

    Variable |        Obs        Mean    Std. Dev.       Min        
> Max
-------------+------------------------------------------------------
> ---
         bm1 |         10         .52    .3457681          0        
>  .9
         bm2 |         10          .5     .359011          0        
>  .9
         bm3 |         10         .59    .2643651         .2        
>   1
         bm4 |         10         .41    .2514403         .1        
>  .8

. 
end of do-file

. do "/tmp/SD31741.000000"

. sum bm* if labtech == "Sam"

    Variable |        Obs        Mean    Std. Dev.       Min        Max
-------------+---------------------------------------------------------
         bm1 |         10         .52    .3457681          0         .9
         bm2 |         10          .5     .359011          0         .9
         bm3 |         10         .59    .2643651         .2          1
         bm4 |         10         .41    .2514403         .1         .8

. 
end of do-file

. do "/tmp/SD31741.000000"

. sum bm* if labtech != "Sam"

    Variable |        Obs        Mean    Std. Dev.       Min        Max
-------------+---------------------------------------------------------
         bm1 |         40      70.625    43.50403        1.1        143
         bm2 |         40     66.3875    40.84595        4.8      143.6
         bm3 |         40      76.635    46.28738        7.4      147.9
         bm4 |         40      71.685    39.41164        6.6      146.1

. 
end of do-file

. do "/tmp/SD31741.000000"

. cluster generate L2_avlink_k=group(2)

. 
end of do-file

. do "/tmp/SD31741.000000"

. tab L2_avlink_k labtech

L2_avlink_ |                        labtech
         k |        Al       Bill        Deb        Jen        Sam |     Total
-----------+-------------------------------------------------------+----------
         1 |         6          7          5          8          0 |        26 
         2 |         4          3          5          2         10 |        24 
-----------+-------------------------------------------------------+----------
     Total |        10         10         10         10         10 |        50 

. 
end of do-file

. do "/tmp/SD31741.000000"

. pca bm1 bm2 bm3 bm4, cor

Principal components/correlation                 Number of obs    =         50
                                                 Number of comp.  =          4
                                                 Trace            =          4
    Rotation: (unrotated = principal)            Rho              =     1.0000

    --------------------------------------------------------------------------
       Component |   Eigenvalue   Difference         Proportion   Cumulative
    -------------+------------------------------------------------------------
           Comp1 |      2.28646      1.49569             0.5716       0.5716
           Comp2 |      .790771      .270696             0.1977       0.7693
           Comp3 |      .520075      .117383             0.1300       0.8993
           Comp4 |      .402693            .             0.1007       1.0000
    --------------------------------------------------------------------------

Principal components (eigenvectors) 

    --------------------------------------------------------------------
        Variable |    Comp1     Comp2     Comp3     Comp4 | Unexplained 
    -------------+----------------------------------------+-------------
             bm1 |   0.5334   -0.3485    0.3471    0.6881 |           0 
             bm2 |   0.5205   -0.0734   -0.8506   -0.0115 |           0 
             bm3 |   0.5463   -0.2244    0.3634   -0.7205 |           0 
             bm4 |   0.3822    0.9071    0.1544    0.0852 |           0 
    --------------------------------------------------------------------

. 
end of do-file

. do "/tmp/SD31741.000000"

. screeplot

. 
end of do-file

. do "/tmp/SD31741.000000"

. pca bm1 bm2 bm3 bm4, cov

Principal components/covariance                  Number of obs    = 
>         50
                                                 Number of comp.  = 
>          4
                                                 Trace            = 
>   9060.593
    Rotation: (unrotated = principal)            Rho              = 
>     1.0000

    ----------------------------------------------------------------
> ----------
       Component |   Eigenvalue   Difference         Proportion   Cu
> mulative
    -------------+--------------------------------------------------
> ----------
           Comp1 |      5281.65      3604.85             0.5829     
>   0.5829
           Comp2 |      1676.81      559.424             0.1851     
>   0.7680
           Comp3 |      1117.38      132.637             0.1233     
>   0.8913
           Comp4 |      984.747            .             0.1087     
>   1.0000
    ----------------------------------------------------------------
> ----------

Principal components (eigenvectors) 

    ------------------------------------------------------
        Variable |    Comp1     Comp2     Comp3     Comp4 
    -------------+----------------------------------------
             bm1 |   0.5393   -0.3258   -0.0716    0.7732 
             bm2 |   0.4718    0.0212    0.8477   -0.2416 
             bm3 |   0.6088   -0.2392   -0.4957   -0.5714 
             bm4 |   0.3405    0.9144   -0.1748    0.1316 
    ------------------------------------------------------

    ---------------------------
        Variable | Unexplained 
    -------------+-------------
             bm1 |           0 
             bm2 |           0 
             bm3 |           0 
             bm4 |           0 
    ---------------------------

. 
end of do-file

. do "/tmp/SD31741.000000"

. pca bm1 bm2 bm3 bm4, cov

Principal components/covariance                  Number of obs    =         50
                                                 Number of comp.  =          4
                                                 Trace            =   9060.593
    Rotation: (unrotated = principal)            Rho              =     1.0000

    --------------------------------------------------------------------------
       Component |   Eigenvalue   Difference         Proportion   Cumulative
    -------------+------------------------------------------------------------
           Comp1 |      5281.65      3604.85             0.5829       0.5829
           Comp2 |      1676.81      559.424             0.1851       0.7680
           Comp3 |      1117.38      132.637             0.1233       0.8913
           Comp4 |      984.747            .             0.1087       1.0000
    --------------------------------------------------------------------------

Principal components (eigenvectors) 

    --------------------------------------------------------------------
        Variable |    Comp1     Comp2     Comp3     Comp4 | Unexplained 
    -------------+----------------------------------------+-------------
             bm1 |   0.5393   -0.3258   -0.0716    0.7732 |           0 
             bm2 |   0.4718    0.0212    0.8477   -0.2416 |           0 
             bm3 |   0.6088   -0.2392   -0.4957   -0.5714 |           0 
             bm4 |   0.3405    0.9144   -0.1748    0.1316 |           0 
    --------------------------------------------------------------------

. 
end of do-file

. do "/tmp/SD31741.000000"

. pca bm1 bm2 bm3 bm4, cor

Principal components/correlation                 Number of obs    =         50
                                                 Number of comp.  =          4
                                                 Trace            =          4
    Rotation: (unrotated = principal)            Rho              =     1.0000

    --------------------------------------------------------------------------
       Component |   Eigenvalue   Difference         Proportion   Cumulative
    -------------+------------------------------------------------------------
           Comp1 |      2.28646      1.49569             0.5716       0.5716
           Comp2 |      .790771      .270696             0.1977       0.7693
           Comp3 |      .520075      .117383             0.1300       0.8993
           Comp4 |      .402693            .             0.1007       1.0000
    --------------------------------------------------------------------------

Principal components (eigenvectors) 

    --------------------------------------------------------------------
        Variable |    Comp1     Comp2     Comp3     Comp4 | Unexplained 
    -------------+----------------------------------------+-------------
             bm1 |   0.5334   -0.3485    0.3471    0.6881 |           0 
             bm2 |   0.5205   -0.0734   -0.8506   -0.0115 |           0 
             bm3 |   0.5463   -0.2244    0.3634   -0.7205 |           0 
             bm4 |   0.3822    0.9071    0.1544    0.0852 |           0 
    --------------------------------------------------------------------

. 
end of do-file

. do "/tmp/SD31741.000000"

. scoreplot, mlabel(labtech)

. 
end of do-file

. do "/tmp/SD31741.000000"

. scoreplot, components(3) mlabel(labtech)

. 
end of do-file

. do "/tmp/SD31741.000000"

. pca bm1 bm2 bm3 bm4, cov vce(normal)

Principal components/covariance                  Number of obs    = 
>         50
                                                 Number of comp.  = 
>          4
                                                 Trace            = 
>   9060.593
                                                 Rho              = 
>     1.0000
SEs assume multivariate normality                SE(Rho)          = 
>     0.0000

--------------------------------------------------------------------
> ----------
             |      Coef.   Std. Err.      z    P>|z|     [95% Conf.
>  Interval]
-------------+------------------------------------------------------
> ----------
Eigenvalues  |
       Comp1 |   5281.654   1056.331     5.00   0.000     3211.284  
>   7352.024
       Comp2 |   1676.808   335.3616     5.00   0.000     1019.511  
>   2334.104
       Comp3 |   1117.384   223.4769     5.00   0.000     679.3777  
>   1555.391
       Comp4 |   984.7469   196.9494     5.00   0.000     598.7332  
>   1370.761
-------------+------------------------------------------------------
> ----------
Comp1        |
         bm1 |   .5393337    .069642     7.74   0.000     .4028379  
>   .6758295
         bm2 |   .4717621   .0722929     6.53   0.000     .3300707  
>   .6134535
         bm3 |   .6087778   .0655111     9.29   0.000     .4803783  
>   .7371772
         bm4 |   .3405133   .1081801     3.15   0.002     .1284843  
>   .5525423
-------------+------------------------------------------------------
> ----------
Comp2        |
         bm1 |  -.3258117   .2140122    -1.52   0.128    -.7452679  
>   .0936445
         bm2 |   .0211723     .30513     0.07   0.945    -.5768715  
>   .6192161
         bm3 |  -.2392328    .238708    -1.00   0.316    -.7070918  
>   .2286262
         bm4 |   .9144212   .0802149    11.40   0.000     .7572029  
>   1.071639
-------------+------------------------------------------------------
> ----------
Comp3        |
         bm1 |  -.0716139   .8732296    -0.08   0.935    -1.783112  
>   1.639885
         bm2 |   .8477058     .27314     3.10   0.002     .3123611  
>    1.38305
         bm3 |  -.4956837   .6463285    -0.77   0.443    -1.762464  
>   .7710969
         bm4 |  -.1748257     .35011    -0.50   0.618    -.8610287  
>   .5113773
-------------+------------------------------------------------------
> ----------
Comp4        |
         bm1 |   .7731994   .1239906     6.24   0.000     .5301824  
>   1.016216
         bm2 |  -.2416344   .9487853    -0.25   0.799    -2.101219  
>   1.617951
         bm3 |  -.5713624   .5598082    -1.02   0.307    -1.668566  
>   .5258416
         bm4 |   .1316075   .3107115     0.42   0.672    -.4773759  
>    .740591
--------------------------------------------------------------------
> ----------
LR test for independence:       chi2(6)   =      46.45   Prob > chi2
>  =  0.0000
LR test for   sphericity:       chi2(9)   =      48.12   Prob > chi2
>  =  0.0000

Explained variance by components

  Components | Eigenvalue  Proportion  SE_Prop  Cumulative   SE_Cum 
>       Bias
-------------+------------------------------------------------------
> ----------
     Comp1   |   5281.654      0.5829   0.0565      0.5829   0.0565 
>    101.688
     Comp2   |   1676.808      0.1851   0.0376      0.7680   0.0380 
>    65.5682
     Comp3   |   1117.384      0.1233   0.0265      0.8913   0.0236 
>    70.5884
     Comp4   |   984.7469      0.1087   0.0236      1.0000   0.0000 
>   -237.845
--------------------------------------------------------------------
> ----------

. 
end of do-file

. do "/tmp/SD31741.000000"

. pca bm1 bm2 bm3 bm4, cov vce(normal)

Principal components/covariance                  Number of obs    =         50
                                                 Number of comp.  =          4
                                                 Trace            =   9060.593
                                                 Rho              =     1.0000
SEs assume multivariate normality                SE(Rho)          =     0.0000

------------------------------------------------------------------------------
             |      Coef.   Std. Err.      z    P>|z|     [95% Conf. Interval]
-------------+----------------------------------------------------------------
Eigenvalues  |
       Comp1 |   5281.654   1056.331     5.00   0.000     3211.284    7352.024
       Comp2 |   1676.808   335.3616     5.00   0.000     1019.511    2334.104
       Comp3 |   1117.384   223.4769     5.00   0.000     679.3777    1555.391
       Comp4 |   984.7469   196.9494     5.00   0.000     598.7332    1370.761
-------------+----------------------------------------------------------------
Comp1        |
         bm1 |   .5393337    .069642     7.74   0.000     .4028379    .6758295
         bm2 |   .4717621   .0722929     6.53   0.000     .3300707    .6134535
         bm3 |   .6087778   .0655111     9.29   0.000     .4803783    .7371772
         bm4 |   .3405133   .1081801     3.15   0.002     .1284843    .5525423
-------------+----------------------------------------------------------------
Comp2        |
         bm1 |  -.3258117   .2140122    -1.52   0.128    -.7452679    .0936445
         bm2 |   .0211723     .30513     0.07   0.945    -.5768715    .6192161
         bm3 |  -.2392328    .238708    -1.00   0.316    -.7070918    .2286262
         bm4 |   .9144212   .0802149    11.40   0.000     .7572029    1.071639
-------------+----------------------------------------------------------------
Comp3        |
         bm1 |  -.0716139   .8732296    -0.08   0.935    -1.783112    1.639885
         bm2 |   .8477058     .27314     3.10   0.002     .3123611     1.38305
         bm3 |  -.4956837   .6463285    -0.77   0.443    -1.762464    .7710969
         bm4 |  -.1748257     .35011    -0.50   0.618    -.8610287    .5113773
-------------+----------------------------------------------------------------
Comp4        |
         bm1 |   .7731994   .1239906     6.24   0.000     .5301824    1.016216
         bm2 |  -.2416344   .9487853    -0.25   0.799    -2.101219    1.617951
         bm3 |  -.5713624   .5598082    -1.02   0.307    -1.668566    .5258416
         bm4 |   .1316075   .3107115     0.42   0.672    -.4773759     .740591
------------------------------------------------------------------------------
LR test for independence:       chi2(6)   =      46.45   Prob > chi2 =  0.0000
LR test for   sphericity:       chi2(9)   =      48.12   Prob > chi2 =  0.0000

Explained variance by components

  Components | Eigenvalue  Proportion  SE_Prop  Cumulative   SE_Cum       Bias
-------------+----------------------------------------------------------------
     Comp1   |   5281.654      0.5829   0.0565      0.5829   0.0565    101.688
     Comp2   |   1676.808      0.1851   0.0376      0.7680   0.0380    65.5682
     Comp3   |   1117.384      0.1233   0.0265      0.8913   0.0236    70.5884
     Comp4   |   984.7469      0.1087   0.0236      1.0000   0.0000   -237.845
------------------------------------------------------------------------------

. 
end of do-file

. do "/tmp/SD31741.000000"

. log close
      name:  <unnamed>
       log:  /home/takeshi/ドキュメント/githubprojects/LSHTMlearningnote/backupfiles/pca.log
  log type:  text
 closed on:  10 Apr 2019, 16:16:37
------------------------------------------------------------------------------------------------------------
------------------------------------------------------------------------------------------------------
      name:  <unnamed>
       log:  /home/wangcc-me/Documents/LSHTMlearningnote/backupfiles/pca.log
  log type:  text
 opened on:   5 Jun 2019, 22:03:06

. 
end of do-file

. do "/tmp/SD01150.000000"

. use plant, replace

. 
end of do-file

. do "/tmp/SD01150.000000"

. summarize bm1 bm2 bm3 bm4, detail

                             bm1
-------------------------------------------------------------
      Percentiles      Smallest
 1%            0              0
 5%           .1             .1
10%          .55             .1       Obs                  50
25%         11.3             .5       Sum of Wgt.          50

50%        47.55                      Mean             56.604
                        Largest       Std. Dev.      48.04976
75%           94          139.1
90%        125.9          140.5       Variance        2308.78
95%        140.5          140.6       Skewness       .2814321
99%          143            143       Kurtosis       1.688047

                             bm2
-------------------------------------------------------------
      Percentiles      Smallest
 1%            0              0
 5%           .2             .1
10%          .45             .2       Obs                  50
25%           10             .3       Sum of Wgt.          50

50%         52.7                      Mean              53.21
                        Largest       Std. Dev.      45.12968
75%         88.7          127.9
90%       123.55          136.1       Variance       2036.688
95%        136.1          142.1       Skewness        .443242
99%        143.6          143.6       Kurtosis       2.009587

                             bm3
-------------------------------------------------------------
      Percentiles      Smallest
 1%           .2             .2
 5%           .5             .3
10%           .5             .5       Obs                  50
25%         12.8             .5       Sum of Wgt.          50

50%        55.25                      Mean             61.426
                        Largest       Std. Dev.      51.47254
75%        114.8          138.8
90%        135.4          144.7       Variance       2649.423
95%        144.7          145.1       Skewness       .2774471
99%        147.9          147.9       Kurtosis       1.592925

                             bm4
-------------------------------------------------------------
      Percentiles      Smallest
 1%           .1             .1
 5%           .2             .2
10%          .35             .2       Obs                  50
25%         16.3             .2       Sum of Wgt.          50

50%        56.75                      Mean              57.43
                        Largest       Std. Dev.         45.45
75%         79.9          130.9
90%        125.9          135.4       Variance       2065.702
95%        135.4          140.6       Skewness       .3266131
99%        146.1          146.1       Kurtosis       1.952351

. 
end of do-file

. do "/tmp/SD01150.000000"

. cor bm*
(obs=50)

             |      bm1      bm2      bm3      bm4
-------------+------------------------------------
         bm1 |   1.0000
         bm2 |   0.4983   1.0000
         bm3 |   0.5941   0.5057   1.0000
         bm4 |   0.2677   0.3335   0.3209   1.0000


. 
end of do-file

. do "/tmp/SD01150.000000"

. 
. drop  L2_avlink* 

. 
end of do-file

. do "/tmp/SD01150.000000"

. 
. cluster averagelinkage bm1 bm2 bm3 bm4, name(L2_avlink)
L2_avlink already defined
r(198);

end of do-file

r(198);

. do "/tmp/SD01150.000000"

. 
. drop  L2_avlink* 
variable L2_avlink* not found
r(111);

end of do-file

r(111);

. do "/tmp/SD01150.000000"

. 
. cluster averagelinkage bm1 bm2 bm3 bm4, name(L2_avlink)

. 
end of do-file

. do "/tmp/SD01150.000000"

. 
. cluster list L2*
L2_avlink  (type: hierarchical,  method: average,  dissimilarity: L2)
      vars: L2_avlink_id (id variable)
            L2_avlink_ord (order variable)
            L2_avlink_hgt (height variable)
     other: cmd: cluster averagelinkage bm1 bm2 bm3 bm4, name(L2_avlink)
            varlist: bm1 bm2 bm3 bm4
            range: 0 .

L2_wavlink  (type: hierarchical,  method: waverage,  dissimilarity: L2)
      vars: L2_wavlink_id (id variable)
            L2_wavlink_ord (order variable)
            L2_wavlink_hgt (height variable)
     other: cmd: cluster waveragelinkage x1 x2 x3 x4, name(L2_wavlink) measure(L2)
            varlist: x1 x2 x3 x4
            range: 0 .

L2sq_avlink  (type: hierarchical,  method: average,  dissimilarity: L2squared)
      vars: L2sq_avlink_id (id variable)
            L2sq_avlink_ord (order variable)
            L2sq_avlink_hgt (height variable)
     other: cmd: cluster averagelinkage x1 x2 x3 x4, name(L2sq_avlink) measure(L2squared)
            varlist: x1 x2 x3 x4
            range: 0 .


. 
end of do-file

. do "/tmp/SD01150.000000"

. 
. cluster dendrogram L2_avlink, xlabel(, angle(90) labsize(*.75)) 

. 
end of do-file

